// Jest Snapshot v1, https://goo.gl/fbAQLP

exports[`ActionBar Sort should sort by goals NUMBER ASC 1`] = `
Array [
  Object {
    "country": "Brazil",
    "description": "Puppy kitty ipsum dolor sit good dog foot stick canary. Teeth Mittens furry treats fish.",
    "goals": 767,
    "id": "3",
    "joined": "04/01/2014",
    "level": "mid",
    "link": "https://wegalvanize.com",
    "name": "Pelé",
    "shareable": true,
    "status": "inactive",
  },
  Object {
    "country": "Brazil",
    "description": "Puppy kitty ipsum dolor sit good dog foot stick canary. Teeth Mittens furry treats fish.",
    "goals": 772,
    "id": "2",
    "joined": "08/11/2019",
    "level": "high",
    "link": "https://wegalvanize.com",
    "name": "Romário",
    "shareable": false,
    "status": "inactive",
  },
  Object {
    "country": "Austria",
    "description": "Puppy kitty ipsum dolor sit good dog foot stick canary. Teeth Mittens furry treats fish.",
    "goals": 805,
    "id": "1",
    "joined": "12/12/2019",
    "level": "low",
    "link": "https://wegalvanize.com",
    "name": "Josef Bican ‡",
    "shareable": true,
    "status": "inactive",
  },
]
`;

exports[`ActionBar Sort should sort by goals NUMBER DESC 1`] = `
Array [
  Object {
    "country": "Austria",
    "description": "Puppy kitty ipsum dolor sit good dog foot stick canary. Teeth Mittens furry treats fish.",
    "goals": 805,
    "id": "1",
    "joined": "12/12/2019",
    "level": "low",
    "link": "https://wegalvanize.com",
    "name": "Josef Bican ‡",
    "shareable": true,
    "status": "inactive",
  },
  Object {
    "country": "Brazil",
    "description": "Puppy kitty ipsum dolor sit good dog foot stick canary. Teeth Mittens furry treats fish.",
    "goals": 772,
    "id": "2",
    "joined": "08/11/2019",
    "level": "high",
    "link": "https://wegalvanize.com",
    "name": "Romário",
    "shareable": false,
    "status": "inactive",
  },
  Object {
    "country": "Brazil",
    "description": "Puppy kitty ipsum dolor sit good dog foot stick canary. Teeth Mittens furry treats fish.",
    "goals": 767,
    "id": "3",
    "joined": "04/01/2014",
    "level": "mid",
    "link": "https://wegalvanize.com",
    "name": "Pelé",
    "shareable": true,
    "status": "inactive",
  },
]
`;

exports[`ActionBar Sort should sort by joined by DATE ASC 1`] = `
Array [
  Object {
    "country": "Brazil",
    "description": "Puppy kitty ipsum dolor sit good dog foot stick canary. Teeth Mittens furry treats fish.",
    "goals": 767,
    "id": "3",
    "joined": "04/01/2014",
    "level": "mid",
    "link": "https://wegalvanize.com",
    "name": "Pelé",
    "shareable": true,
    "status": "inactive",
  },
  Object {
    "country": "Brazil",
    "description": "Puppy kitty ipsum dolor sit good dog foot stick canary. Teeth Mittens furry treats fish.",
    "goals": 772,
    "id": "2",
    "joined": "08/11/2019",
    "level": "high",
    "link": "https://wegalvanize.com",
    "name": "Romário",
    "shareable": false,
    "status": "inactive",
  },
  Object {
    "country": "Austria",
    "description": "Puppy kitty ipsum dolor sit good dog foot stick canary. Teeth Mittens furry treats fish.",
    "goals": 805,
    "id": "1",
    "joined": "12/12/2019",
    "level": "low",
    "link": "https://wegalvanize.com",
    "name": "Josef Bican ‡",
    "shareable": true,
    "status": "inactive",
  },
]
`;

exports[`ActionBar Sort should sort by joined by DATE DESC 1`] = `
Array [
  Object {
    "country": "Austria",
    "description": "Puppy kitty ipsum dolor sit good dog foot stick canary. Teeth Mittens furry treats fish.",
    "goals": 805,
    "id": "1",
    "joined": "12/12/2019",
    "level": "low",
    "link": "https://wegalvanize.com",
    "name": "Josef Bican ‡",
    "shareable": true,
    "status": "inactive",
  },
  Object {
    "country": "Brazil",
    "description": "Puppy kitty ipsum dolor sit good dog foot stick canary. Teeth Mittens furry treats fish.",
    "goals": 772,
    "id": "2",
    "joined": "08/11/2019",
    "level": "high",
    "link": "https://wegalvanize.com",
    "name": "Romário",
    "shareable": false,
    "status": "inactive",
  },
  Object {
    "country": "Brazil",
    "description": "Puppy kitty ipsum dolor sit good dog foot stick canary. Teeth Mittens furry treats fish.",
    "goals": 767,
    "id": "3",
    "joined": "04/01/2014",
    "level": "mid",
    "link": "https://wegalvanize.com",
    "name": "Pelé",
    "shareable": true,
    "status": "inactive",
  },
]
`;

exports[`ActionBar Sort should sort by name STRING ASC 1`] = `
Array [
  Object {
    "country": "Austria",
    "description": "Puppy kitty ipsum dolor sit good dog foot stick canary. Teeth Mittens furry treats fish.",
    "goals": 805,
    "id": "1",
    "joined": "12/12/2019",
    "level": "low",
    "link": "https://wegalvanize.com",
    "name": "Josef Bican ‡",
    "shareable": true,
    "status": "inactive",
  },
  Object {
    "country": "Brazil",
    "description": "Puppy kitty ipsum dolor sit good dog foot stick canary. Teeth Mittens furry treats fish.",
    "goals": 767,
    "id": "3",
    "joined": "04/01/2014",
    "level": "mid",
    "link": "https://wegalvanize.com",
    "name": "Pelé",
    "shareable": true,
    "status": "inactive",
  },
  Object {
    "country": "Brazil",
    "description": "Puppy kitty ipsum dolor sit good dog foot stick canary. Teeth Mittens furry treats fish.",
    "goals": 772,
    "id": "2",
    "joined": "08/11/2019",
    "level": "high",
    "link": "https://wegalvanize.com",
    "name": "Romário",
    "shareable": false,
    "status": "inactive",
  },
]
`;

exports[`ActionBar Sort should sort by name STRING DESC 1`] = `
Array [
  Object {
    "country": "Austria",
    "description": "Puppy kitty ipsum dolor sit good dog foot stick canary. Teeth Mittens furry treats fish.",
    "goals": 805,
    "id": "1",
    "joined": "12/12/2019",
    "level": "low",
    "link": "https://wegalvanize.com",
    "name": "Josef Bican ‡",
    "shareable": true,
    "status": "inactive",
  },
  Object {
    "country": "Brazil",
    "description": "Puppy kitty ipsum dolor sit good dog foot stick canary. Teeth Mittens furry treats fish.",
    "goals": 767,
    "id": "3",
    "joined": "04/01/2014",
    "level": "mid",
    "link": "https://wegalvanize.com",
    "name": "Pelé",
    "shareable": true,
    "status": "inactive",
  },
  Object {
    "country": "Brazil",
    "description": "Puppy kitty ipsum dolor sit good dog foot stick canary. Teeth Mittens furry treats fish.",
    "goals": 772,
    "id": "2",
    "joined": "08/11/2019",
    "level": "high",
    "link": "https://wegalvanize.com",
    "name": "Romário",
    "shareable": false,
    "status": "inactive",
  },
]
`;
